ui/3D-card.tsx(149,85): error TS2345: Argument of type 'unknown' is not assignable to parameter of type 'ClassValue'.
